ONLYOFFICE_FONTS_VERSION_15
C:/Users/Moustafa/Desktop/Xrero/v20/ios/fonts-src\ASCW3-Regular.ttf
C:/Users/Moustafa/Desktop/Xrero/v20/ios/fonts-src\Amiri-Bold.ttf
C:/Users/Moustafa/Desktop/Xrero/v20/ios/fonts-src\Amiri-BoldItalic.ttf
C:/Users/Moustafa/Desktop/Xrero/v20/ios/fonts-src\Amiri-Italic.ttf
C:/Users/Moustafa/Desktop/Xrero/v20/ios/fonts-src\Amiri-Regular.ttf
C:/Users/Moustafa/Desktop/Xrero/v20/ios/fonts-src\Cairo-Bold.ttf
C:/Users/Moustafa/Desktop/Xrero/v20/ios/fonts-src\Cairo-Regular.ttf
C:/Users/Moustafa/Desktop/Xrero/v20/ios/fonts-src\Caladea-Bold.ttf
C:/Users/Moustafa/Desktop/Xrero/v20/ios/fonts-src\Caladea-BoldItalic.ttf
C:/Users/Moustafa/Desktop/Xrero/v20/ios/fonts-src\Caladea-Italic.ttf
C:/Users/Moustafa/Desktop/Xrero/v20/ios/fonts-src\Caladea-Regular.ttf
C:/Users/Moustafa/Desktop/Xrero/v20/ios/fonts-src\Carlito-Bold.ttf
C:/Users/Moustafa/Desktop/Xrero/v20/ios/fonts-src\Carlito-BoldItalic.ttf
C:/Users/Moustafa/Desktop/Xrero/v20/ios/fonts-src\Carlito-Italic.ttf
C:/Users/Moustafa/Desktop/Xrero/v20/ios/fonts-src\Carlito-Regular.ttf
C:/Users/Moustafa/Desktop/Xrero/v20/ios/fonts-src\DejaVuSans-Bold.ttf
C:/Users/Moustafa/Desktop/Xrero/v20/ios/fonts-src\DejaVuSans-BoldOblique.ttf
C:/Users/Moustafa/Desktop/Xrero/v20/ios/fonts-src\DejaVuSans-Book.ttf
C:/Users/Moustafa/Desktop/Xrero/v20/ios/fonts-src\DejaVuSans-Condensed.ttf
C:/Users/Moustafa/Desktop/Xrero/v20/ios/fonts-src\DejaVuSans-CondensedBold.ttf
C:/Users/Moustafa/Desktop/Xrero/v20/ios/fonts-src\DejaVuSans-CondensedBoldOblique.ttf
C:/Users/Moustafa/Desktop/Xrero/v20/ios/fonts-src\DejaVuSans-CondensedOblique.ttf
C:/Users/Moustafa/Desktop/Xrero/v20/ios/fonts-src\DejaVuSans-ExtraLight.ttf
C:/Users/Moustafa/Desktop/Xrero/v20/ios/fonts-src\DejaVuSans-Oblique.ttf
C:/Users/Moustafa/Desktop/Xrero/v20/ios/fonts-src\DejaVuSansMono-Bold.ttf
C:/Users/Moustafa/Desktop/Xrero/v20/ios/fonts-src\DejaVuSansMono-BoldOblique.ttf
C:/Users/Moustafa/Desktop/Xrero/v20/ios/fonts-src\DejaVuSansMono-Book.ttf
C:/Users/Moustafa/Desktop/Xrero/v20/ios/fonts-src\DejaVuSansMono-Oblique.ttf
C:/Users/Moustafa/Desktop/Xrero/v20/ios/fonts-src\DejaVuSerif-Bold.ttf
C:/Users/Moustafa/Desktop/Xrero/v20/ios/fonts-src\DejaVuSerif-BoldItalic.ttf
C:/Users/Moustafa/Desktop/Xrero/v20/ios/fonts-src\DejaVuSerif-Book.ttf
C:/Users/Moustafa/Desktop/Xrero/v20/ios/fonts-src\DejaVuSerif-Condensed.ttf
C:/Users/Moustafa/Desktop/Xrero/v20/ios/fonts-src\DejaVuSerif-CondensedBold.ttf
C:/Users/Moustafa/Desktop/Xrero/v20/ios/fonts-src\DejaVuSerif-CondensedBoldItalic.ttf
C:/Users/Moustafa/Desktop/Xrero/v20/ios/fonts-src\DejaVuSerif-CondensedItalic.ttf
C:/Users/Moustafa/Desktop/Xrero/v20/ios/fonts-src\DejaVuSerif-Italic.ttf
C:/Users/Moustafa/Desktop/Xrero/v20/ios/fonts-src\LiberationMono-Bold.ttf
C:/Users/Moustafa/Desktop/Xrero/v20/ios/fonts-src\LiberationMono-BoldItalic.ttf
C:/Users/Moustafa/Desktop/Xrero/v20/ios/fonts-src\LiberationMono-Italic.ttf
C:/Users/Moustafa/Desktop/Xrero/v20/ios/fonts-src\LiberationMono-Regular.ttf
C:/Users/Moustafa/Desktop/Xrero/v20/ios/fonts-src\LiberationSans-Bold.ttf
C:/Users/Moustafa/Desktop/Xrero/v20/ios/fonts-src\LiberationSans-BoldItalic.ttf
C:/Users/Moustafa/Desktop/Xrero/v20/ios/fonts-src\LiberationSans-Italic.ttf
C:/Users/Moustafa/Desktop/Xrero/v20/ios/fonts-src\LiberationSans-Regular.ttf
C:/Users/Moustafa/Desktop/Xrero/v20/ios/fonts-src\LiberationSansNarrow-Bold.ttf
C:/Users/Moustafa/Desktop/Xrero/v20/ios/fonts-src\LiberationSansNarrow-BoldItalic.ttf
C:/Users/Moustafa/Desktop/Xrero/v20/ios/fonts-src\LiberationSansNarrow-Italic.ttf
C:/Users/Moustafa/Desktop/Xrero/v20/ios/fonts-src\LiberationSansNarrow-Regular.ttf
C:/Users/Moustafa/Desktop/Xrero/v20/ios/fonts-src\LiberationSerif-Bold.ttf
C:/Users/Moustafa/Desktop/Xrero/v20/ios/fonts-src\LiberationSerif-BoldItalic.ttf
C:/Users/Moustafa/Desktop/Xrero/v20/ios/fonts-src\LiberationSerif-Italic.ttf
C:/Users/Moustafa/Desktop/Xrero/v20/ios/fonts-src\LiberationSerif-Regular.ttf
C:/Users/Moustafa/Desktop/Xrero/v20/ios/fonts-src\Montserrat-Bold.ttf
C:/Users/Moustafa/Desktop/Xrero/v20/ios/fonts-src\Montserrat-Regular.ttf
C:/Users/Moustafa/Desktop/Xrero/v20/ios/fonts-src\NotoNaskhArabic-Bold.ttf
C:/Users/Moustafa/Desktop/Xrero/v20/ios/fonts-src\NotoNaskhArabic-Regular.ttf
C:/Users/Moustafa/Desktop/Xrero/v20/ios/fonts-src\NotoNaskhArabicUI-Bold.ttf
C:/Users/Moustafa/Desktop/Xrero/v20/ios/fonts-src\NotoNaskhArabicUI-Regular.ttf
C:/Users/Moustafa/Desktop/Xrero/v20/ios/fonts-src\OFL-Amiri.txt
C:/Users/Moustafa/Desktop/Xrero/v20/ios/fonts-src\OFL-Cairo.txt
C:/Users/Moustafa/Desktop/Xrero/v20/ios/fonts-src\OpenSans-Bold.ttf
C:/Users/Moustafa/Desktop/Xrero/v20/ios/fonts-src\OpenSans-Extrabold.ttf
C:/Users/Moustafa/Desktop/Xrero/v20/ios/fonts-src\OpenSans-Light.ttf
C:/Users/Moustafa/Desktop/Xrero/v20/ios/fonts-src\OpenSans-Regular.ttf
C:/Users/Moustafa/Desktop/Xrero/v20/ios/fonts-src\OpenSans-Semibold.ttf
C:/Users/Moustafa/Desktop/Xrero/v20/ios/fonts-src\Roboto-Bold.ttf
C:/Users/Moustafa/Desktop/Xrero/v20/ios/fonts-src\Roboto-Regular.ttf
C:/Users/Moustafa/Desktop/Xrero/v20/ios/fonts-src\Tajawal-Bold.ttf
C:/Users/Moustafa/Desktop/Xrero/v20/ios/fonts-src\Tajawal-Light.ttf
C:/Users/Moustafa/Desktop/Xrero/v20/ios/fonts-src\Tajawal-Medium.ttf
C:/Users/Moustafa/Desktop/Xrero/v20/ios/fonts-src\Tajawal-Regular.ttf
